../Core/Src/LoRa.c:23:6:newLoRa	72	static
../Core/Src/LoRa.c:46:6:LoRa_reset	16	static
../Core/Src/LoRa.c:64:6:LoRa_gotoMode	24	static
../Core/Src/LoRa.c:111:6:LoRa_readReg	24	static
../Core/Src/LoRa.c:137:6:LoRa_writeReg	24	static
../Core/Src/LoRa.c:159:6:LoRa_setLowDaraRateOptimization	24	static
../Core/Src/LoRa.c:184:6:LoRa_setAutoLDO	96	static
../Core/Src/LoRa.c:201:6:LoRa_setFrequency	24	static
../Core/Src/LoRa.c:233:6:LoRa_setSpreadingFactor	24	static
../Core/Src/LoRa.c:263:6:LoRa_setPower	16	static
../Core/Src/LoRa.c:279:6:LoRa_setOCP	24	static
../Core/Src/LoRa.c:307:6:LoRa_setTOMsb_setCRCon	24	static
../Core/Src/LoRa.c:327:6:LoRa_setSyncWord	16	static
../Core/Src/LoRa.c:343:9:LoRa_read	32	static
../Core/Src/LoRa.c:366:6:LoRa_write	32	static
../Core/Src/LoRa.c:388:6:LoRa_BurstWrite	32	static
../Core/Src/LoRa.c:416:9:LoRa_isvalid	16	static
../Core/Src/LoRa.c:434:6:LoRa_transmit	24	static
../Core/Src/LoRa.c:467:6:LoRa_startReceiving	16	static
../Core/Src/LoRa.c:484:9:LoRa_receive	40	static
../Core/Src/LoRa.c:517:5:LoRa_getRSSI	24	static
../Core/Src/LoRa.c:533:10:LoRa_init	24	static
