../Core/Src/main.c:144:6:LowPower_Sleep_Millis	2
../Core/Src/main.c:156:6:Read_All_ADC	4
../Core/Src/main.c:185:9:Calculate_Battery_Percent	3
../Core/Src/main.c:204:7:SoilMoisture_Convert	3
../Core/Src/main.c:216:6:Flash_Write_ID	3
../Core/Src/main.c:243:6:Flash_Read_ID	2
../Core/Src/main.c:258:6:Serial_Printf	1
../Core/Src/main.c:270:10:Get_ChipID	1
../Core/Src/main.c:275:9:XOR_Calc	2
../Core/Src/main.c:284:6:LoRa_Send_Data_HW	2
../Core/Src/main.c:310:6:LoRa_Send_JoinReq_XOR	2
../Core/Src/main.c:339:5:main	39
../Core/Src/main.c:658:6:SystemClock_Config	4
../Core/Src/main.c:698:6:HAL_GPIO_EXTI_Callback	4
../Core/Src/main.c:714:6:HAL_TIM_PeriodElapsedCallback	2
../Core/Src/main.c:727:6:Error_Handler	1
